<html>
<body>
<pre>
<h1>礦ision Build Log</h1>
<h2>Tool Versions:</h2>
IDE-Version: μVision V5.14.0.0
Copyright (C) 2015 ARM Ltd and ARM Germany GmbH. All rights reserved.
License Information: 1111 Microsoft, Microsoft, LIC=QA3Z9-4IKPI-WUA4Z-JEBE2-ZJPCP-ZL6Z2
 
Tool Versions:
Toolchain:       MDK-ARM Basic (256K)  Version: 5.14.0.0
Toolchain Path:  D:\Keil_v5\ARM\ARMCC\Bin
C Compiler:      Armcc.exe V5.05 update 1 (build 106)
Assembler:       Armasm.exe V5.05 update 1 (build 106)
Linker/Locator:  ArmLink.exe V5.05 update 1 (build 106)
Library Manager: ArmAr.exe V5.05 update 1 (build 106)
Hex Converter:   FromElf.exe V5.05 update 1 (build 106)
CPU DLL:         SARMCM3.DLL V5.14.0.0
Dialog DLL:      DCM.DLL V1.13.1.0
Target DLL:      STLink\ST-LINKIII-KEIL_SWO.dll V2.0.14.0_KEIL
Dialog DLL:      TCM.DLL V1.14.4.0
 
<h2>Project:</h2>
E:\程序\1,编写\型号2\2.副本\2.V0.2\实验0-1 Template工程模板-新建工程章节使用1\USER\Template.uvprojx
Project File Date:  06/11/2018

<h2>Output:</h2>
Build target 'Template'
compiling menu.c...
..\HARDWARE\MENU\menu.c(735): warning:  #186-D: pointless comparison of unsigned integer with zero
              if (difference < 0) difference = -difference;
..\HARDWARE\MENU\menu.c(767): warning:  #186-D: pointless comparison of unsigned integer with zero
              if (difference < 0) difference = -difference;
..\HARDWARE\MENU\menu.c(705): warning:  #177-D: variable "ValvePositionAcquisition" was declared but never referenced
      u16 ValvePositionAcquisition = 0;//采集阀门转动角度模拟量
..\HARDWARE\MENU\menu.c: 3 warnings, 0 errors
linking...
Program Size: Code=11416 RO-data=5804 RW-data=3636 ZI-data=1892  
FromELF: creating hex file...
"..\OBJ\Template.axf" - 0 Error(s), 3 Warning(s).

<h2>Collection of Component include folders:</h2>
  E:\程序\1,编写\型号2\2.副本\2.V0.2\实验0-1 Template工程模板-新建工程章节使用1\USER\RTE
  D:\Keil_v5\ARM\PACK\Keil\STM32F1xx_DFP\2.2.0

<h2>Collection of Component Files used:</h2>
</pre>
</body>
</html>
